
> @ksp/portal@ build C:\Users\nauak\Documents\Ksp Dominion G\Projetinhos\KSP Dominion OS\KSP_Dominion_Command_OS_Blueprint_v1.0\ksp-command-os-blueprint\KSP OS\apps\portal
> next build

   ▲ Next.js 15.1.6

   Creating an optimized production build ...
 ✓ Compiled successfully
   Skipping linting
   Checking validity of types ...
   Collecting page data ...
   Generating static pages (0/5) ...
   Generating static pages (1/5) 
   Generating static pages (2/5) 
   Generating static pages (3/5) 
 ✓ Generating static pages (5/5)
   Finalizing page optimization ...
   Collecting build traces ...

Route (app)                              Size     First Load JS
┌ ○ /                                    140 B           106 kB
├ ○ /_not-found                          980 B           106 kB
└ ƒ /api/health                          140 B           106 kB
+ First Load JS shared by all            105 kB
  ├ chunks/0f77e470-5d6ec54021dfb19f.js  52.9 kB
  ├ chunks/659-c5f37a834952958a.js       50.5 kB
  └ other shared chunks (total)          1.95 kB


○  (Static)   prerendered as static content
ƒ  (Dynamic)  server-rendered on demand

